ARM Linker, 5.03 [Build 24] [MDK-ARM Lite]

==============================================================================

Section Cross References

    pre_indexing_with_write_back.o(RESET) refers to pre_indexing_with_write_back.o(mycode) for Reset_Handler
    pre_indexing_with_write_back.o(mycode) refers to pre_indexing_with_write_back.o(DATASEG) for DST


==============================================================================

Image Symbol Table

    Local Symbols

    Symbol Name                              Value     Ov Type        Size  Object(Section)

    RESET                                    0x00000000   Section        8  pre_indexing_with_write_back.o(RESET)
    Pre_Indexing_with_Write_Back.s           0x00000000   Number         0  pre_indexing_with_write_back.o ABSOLUTE
    mycode                                   0x00000008   Section      144  pre_indexing_with_write_back.o(mycode)
    SRC                                      0x00000068   Data          40  pre_indexing_with_write_back.o(mycode)
    DATASEG                                  0x10000000   Section       40  pre_indexing_with_write_back.o(DATASEG)
    DST                                      0x10000000   Data          40  pre_indexing_with_write_back.o(DATASEG)

    Global Symbols

    Symbol Name                              Value     Ov Type        Size  Object(Section)

    BuildAttributes$$THM_ISAv4$P$D$K$B$S$PE$A:L22UL41UL21$X:L11$S22US41US21$IEEE1$IW$USESV6$~STKCKD$USESV7$~SHL$OSPACE$EBA8$STANDARDLIB$PRES8$EABIv2 0x00000000   Number         0  anon$$obj.o ABSOLUTE
    __Vectors                                0x00000000   Data           0  pre_indexing_with_write_back.o(RESET)
    Reset_Handler                            0x00000009   Thumb Code     0  pre_indexing_with_write_back.o(mycode)



==============================================================================

Memory Map of the image

  Image Entry point : 0x00000009

  Load Region LR_1 (Base: 0x00000000, Size: 0x000000c0, Max: 0xffffffff, ABSOLUTE)

    Execution Region ER_RO (Base: 0x00000000, Size: 0x00000098, Max: 0xffffffff, ABSOLUTE)

    Base Addr    Size         Type   Attr      Idx    E Section Name        Object

    0x00000000   0x00000008   Data   RO            1    RESET               pre_indexing_with_write_back.o
    0x00000008   0x00000090   Code   RO            2  * mycode              pre_indexing_with_write_back.o


    Execution Region ER_RW (Base: 0x10000000, Size: 0x00000028, Max: 0xffffffff, ABSOLUTE)

    Base Addr    Size         Type   Attr      Idx    E Section Name        Object

    0x10000000   0x00000028   Data   RW            3    DATASEG             pre_indexing_with_write_back.o


    Execution Region ER_ZI (Base: 0x10000028, Size: 0x00000000, Max: 0xffffffff, ABSOLUTE)

    **** No section assigned to this execution region ****


==============================================================================

Image component sizes


      Code (inc. data)   RO Data    RW Data    ZI Data      Debug   Object Name

       144         50          8         40          0        300   pre_indexing_with_write_back.o

    ----------------------------------------------------------------------
       144         50          8         40          0        300   Object Totals
         0          0          0          0          0          0   (incl. Generated)
         0          0          0          0          0          0   (incl. Padding)

    ----------------------------------------------------------------------
         0          0          0          0          0          0   Library Totals
         0          0          0          0          0          0   (incl. Padding)

    ----------------------------------------------------------------------

==============================================================================


      Code (inc. data)   RO Data    RW Data    ZI Data      Debug   

       144         50          8         40          0        300   Grand Totals
       144         50          8         40          0        300   ELF Image Totals
       144         50          8         40          0          0   ROM Totals

==============================================================================

    Total RO  Size (Code + RO Data)                  152 (   0.15kB)
    Total RW  Size (RW Data + ZI Data)                40 (   0.04kB)
    Total ROM Size (Code + RO Data + RW Data)        192 (   0.19kB)

==============================================================================

