ARM Linker, 5.03 [Build 24] [MDK-ARM Lite]

==============================================================================

Section Cross References

    linear_search.o(RESET) refers to linear_search.o(mycode) for Reset_Handler
    linear_search.o(mycode) refers to linear_search.o(mydata) for ARR


==============================================================================

Image Symbol Table

    Local Symbols

    Symbol Name                              Value     Ov Type        Size  Object(Section)

    RESET                                    0x00000000   Section        8  linear_search.o(RESET)
    Linear_Search.s                          0x00000000   Number         0  linear_search.o ABSOLUTE
    mycode                                   0x00000008   Section       52  linear_search.o(mycode)
    mydata                                   0x10000000   Section       48  linear_search.o(mydata)
    ARR                                      0x10000000   Data          40  linear_search.o(mydata)
    KEY                                      0x10000028   Data           4  linear_search.o(mydata)
    result                                   0x1000002c   Data           4  linear_search.o(mydata)

    Global Symbols

    Symbol Name                              Value     Ov Type        Size  Object(Section)

    BuildAttributes$$THM_ISAv4$P$D$K$B$S$PE$A:L22UL41UL21$X:L11$S22US41US21$IEEE1$IW$USESV6$~STKCKD$USESV7$~SHL$OSPACE$EBA8$STANDARDLIB$PRES8$EABIv2 0x00000000   Number         0  anon$$obj.o ABSOLUTE
    __Vectors                                0x00000000   Data           0  linear_search.o(RESET)
    Reset_Handler                            0x00000009   Thumb Code     0  linear_search.o(mycode)



==============================================================================

Memory Map of the image

  Image Entry point : 0x00000009

  Load Region LR_1 (Base: 0x00000000, Size: 0x0000006c, Max: 0xffffffff, ABSOLUTE)

    Execution Region ER_RO (Base: 0x00000000, Size: 0x0000003c, Max: 0xffffffff, ABSOLUTE)

    Base Addr    Size         Type   Attr      Idx    E Section Name        Object

    0x00000000   0x00000008   Data   RO            1    RESET               linear_search.o
    0x00000008   0x00000034   Code   RO            2  * mycode              linear_search.o


    Execution Region ER_RW (Base: 0x10000000, Size: 0x00000030, Max: 0xffffffff, ABSOLUTE)

    Base Addr    Size         Type   Attr      Idx    E Section Name        Object

    0x10000000   0x00000030   Data   RW            3    mydata              linear_search.o


    Execution Region ER_ZI (Base: 0x10000030, Size: 0x00000000, Max: 0xffffffff, ABSOLUTE)

    **** No section assigned to this execution region ****


==============================================================================

Image component sizes


      Code (inc. data)   RO Data    RW Data    ZI Data      Debug   Object Name

        52         12          8         48          0        228   linear_search.o

    ----------------------------------------------------------------------
        52         12          8         48          0        228   Object Totals
         0          0          0          0          0          0   (incl. Generated)
         0          0          0          0          0          0   (incl. Padding)

    ----------------------------------------------------------------------
         0          0          0          0          0          0   Library Totals
         0          0          0          0          0          0   (incl. Padding)

    ----------------------------------------------------------------------

==============================================================================


      Code (inc. data)   RO Data    RW Data    ZI Data      Debug   

        52         12          8         48          0        228   Grand Totals
        52         12          8         48          0        228   ELF Image Totals
        52         12          8         48          0          0   ROM Totals

==============================================================================

    Total RO  Size (Code + RO Data)                   60 (   0.06kB)
    Total RW  Size (RW Data + ZI Data)                48 (   0.05kB)
    Total ROM Size (Code + RO Data + RW Data)        108 (   0.11kB)

==============================================================================

