ARM Linker, 5.03 [Build 24] [MDK-ARM Lite]

==============================================================================

Section Cross References

    storing_address_in_data_memory.o(RESET) refers to storing_address_in_data_memory.o(mycode) for Reset_Handler
    storing_address_in_data_memory.o(mycode) refers to storing_address_in_data_memory.o(DATASEG) for DST


==============================================================================

Image Symbol Table

    Local Symbols

    Symbol Name                              Value     Ov Type        Size  Object(Section)

    RESET                                    0x00000000   Section        8  storing_address_in_data_memory.o(RESET)
    Storing_Address_in_Data_Memory.s         0x00000000   Number         0  storing_address_in_data_memory.o ABSOLUTE
    mycode                                   0x00000008   Section      116  storing_address_in_data_memory.o(mycode)
    SRC                                      0x0000004c   Data          40  storing_address_in_data_memory.o(mycode)
    DATASEG                                  0x10000000   Section       40  storing_address_in_data_memory.o(DATASEG)
    DST                                      0x10000000   Data          40  storing_address_in_data_memory.o(DATASEG)

    Global Symbols

    Symbol Name                              Value     Ov Type        Size  Object(Section)

    BuildAttributes$$THM_ISAv4$P$D$K$B$S$PE$A:L22UL41UL21$X:L11$S22US41US21$IEEE1$IW$USESV6$~STKCKD$USESV7$~SHL$OSPACE$EBA8$STANDARDLIB$PRES8$EABIv2 0x00000000   Number         0  anon$$obj.o ABSOLUTE
    __Vectors                                0x00000000   Data           0  storing_address_in_data_memory.o(RESET)
    Reset_Handler                            0x00000009   Thumb Code     0  storing_address_in_data_memory.o(mycode)



==============================================================================

Memory Map of the image

  Image Entry point : 0x00000009

  Load Region LR_1 (Base: 0x00000000, Size: 0x000000a4, Max: 0xffffffff, ABSOLUTE)

    Execution Region ER_RO (Base: 0x00000000, Size: 0x0000007c, Max: 0xffffffff, ABSOLUTE)

    Base Addr    Size         Type   Attr      Idx    E Section Name        Object

    0x00000000   0x00000008   Data   RO            1    RESET               storing_address_in_data_memory.o
    0x00000008   0x00000074   Code   RO            2  * mycode              storing_address_in_data_memory.o


    Execution Region ER_RW (Base: 0x10000000, Size: 0x00000028, Max: 0xffffffff, ABSOLUTE)

    Base Addr    Size         Type   Attr      Idx    E Section Name        Object

    0x10000000   0x00000028   Data   RW            3    DATASEG             storing_address_in_data_memory.o


    Execution Region ER_ZI (Base: 0x10000028, Size: 0x00000000, Max: 0xffffffff, ABSOLUTE)

    **** No section assigned to this execution region ****


==============================================================================

Image component sizes


      Code (inc. data)   RO Data    RW Data    ZI Data      Debug   Object Name

       116         50          8         40          0        272   storing_address_in_data_memory.o

    ----------------------------------------------------------------------
       116         50          8         40          0        272   Object Totals
         0          0          0          0          0          0   (incl. Generated)
         0          0          0          0          0          0   (incl. Padding)

    ----------------------------------------------------------------------
         0          0          0          0          0          0   Library Totals
         0          0          0          0          0          0   (incl. Padding)

    ----------------------------------------------------------------------

==============================================================================


      Code (inc. data)   RO Data    RW Data    ZI Data      Debug   

       116         50          8         40          0        272   Grand Totals
       116         50          8         40          0        272   ELF Image Totals
       116         50          8         40          0          0   ROM Totals

==============================================================================

    Total RO  Size (Code + RO Data)                  124 (   0.12kB)
    Total RW  Size (RW Data + ZI Data)                40 (   0.04kB)
    Total ROM Size (Code + RO Data + RW Data)        164 (   0.16kB)

==============================================================================

