ARM Linker, 5.03 [Build 24] [MDK-ARM Lite]

==============================================================================

Section Cross References

    subs_exp3_4.o(RESET) refers to subs_exp3_4.o(mycode) for Reset_Handler
    subs_exp3_4.o(mycode) refers to subs_exp3_4.o(mydata) for N1
    subs_exp3_4.o(mycode) refers to subs_exp3_4.o(resultdata) for Result


==============================================================================

Image Symbol Table

    Local Symbols

    Symbol Name                              Value     Ov Type        Size  Object(Section)

    RESET                                    0x00000000   Section        8  subs_exp3_4.o(RESET)
    SUBS_EXP3_4.s                            0x00000000   Number         0  subs_exp3_4.o ABSOLUTE
    mycode                                   0x00000008   Section       48  subs_exp3_4.o(mycode)
    mydata                                   0x00000038   Section       20  subs_exp3_4.o(mydata)
    N1                                       0x00000038   Data          16  subs_exp3_4.o(mydata)
    N2                                       0x00000048   Data           4  subs_exp3_4.o(mydata)
    resultdata                               0x10000000   Section       16  subs_exp3_4.o(resultdata)
    Result                                   0x10000000   Data          16  subs_exp3_4.o(resultdata)

    Global Symbols

    Symbol Name                              Value     Ov Type        Size  Object(Section)

    BuildAttributes$$THM_ISAv4$P$D$K$B$S$PE$A:L22UL41UL21$X:L11$S22US41US21$IEEE1$IW$USESV6$~STKCKD$USESV7$~SHL$OSPACE$EBA8$STANDARDLIB$PRES8$EABIv2 0x00000000   Number         0  anon$$obj.o ABSOLUTE
    __Vectors                                0x00000000   Data           0  subs_exp3_4.o(RESET)
    Reset_Handler                            0x00000009   Thumb Code     0  subs_exp3_4.o(mycode)



==============================================================================

Memory Map of the image

  Image Entry point : 0x00000009

  Load Region LR_1 (Base: 0x00000000, Size: 0x0000005c, Max: 0xffffffff, ABSOLUTE)

    Execution Region ER_RO (Base: 0x00000000, Size: 0x0000004c, Max: 0xffffffff, ABSOLUTE)

    Base Addr    Size         Type   Attr      Idx    E Section Name        Object

    0x00000000   0x00000008   Data   RO            1    RESET               subs_exp3_4.o
    0x00000008   0x00000030   Code   RO            2  * mycode              subs_exp3_4.o
    0x00000038   0x00000014   Data   RO            3    mydata              subs_exp3_4.o


    Execution Region ER_RW (Base: 0x10000000, Size: 0x00000010, Max: 0xffffffff, ABSOLUTE)

    Base Addr    Size         Type   Attr      Idx    E Section Name        Object

    0x10000000   0x00000010   Data   RW            4    resultdata          subs_exp3_4.o


    Execution Region ER_ZI (Base: 0x10000010, Size: 0x00000000, Max: 0xffffffff, ABSOLUTE)

    **** No section assigned to this execution region ****


==============================================================================

Image component sizes


      Code (inc. data)   RO Data    RW Data    ZI Data      Debug   Object Name

        48         12         28         16          0        216   subs_exp3_4.o

    ----------------------------------------------------------------------
        48         12         28         16          0        216   Object Totals
         0          0          0          0          0          0   (incl. Generated)
         0          0          0          0          0          0   (incl. Padding)

    ----------------------------------------------------------------------
         0          0          0          0          0          0   Library Totals
         0          0          0          0          0          0   (incl. Padding)

    ----------------------------------------------------------------------

==============================================================================


      Code (inc. data)   RO Data    RW Data    ZI Data      Debug   

        48         12         28         16          0        216   Grand Totals
        48         12         28         16          0        216   ELF Image Totals
        48         12         28         16          0          0   ROM Totals

==============================================================================

    Total RO  Size (Code + RO Data)                   76 (   0.07kB)
    Total RW  Size (RW Data + ZI Data)                16 (   0.02kB)
    Total ROM Size (Code + RO Data + RW Data)         92 (   0.09kB)

==============================================================================

