ARM Linker, 5.03 [Build 24] [MDK-ARM Lite]

==============================================================================

Section Cross References

    lcm.o(RESET) refers to lcm.o(mycode) for Reset_Handler
    lcm.o(mycode) refers to lcm.o(mydata) for N1
    lcm.o(mycode) refers to lcm.o(resultdata) for Result


==============================================================================

Image Symbol Table

    Local Symbols

    Symbol Name                              Value     Ov Type        Size  Object(Section)

    RESET                                    0x00000000   Section        8  lcm.o(RESET)
    LCM.s                                    0x00000000   Number         0  lcm.o ABSOLUTE
    mycode                                   0x00000008   Section      100  lcm.o(mycode)
    mydata                                   0x0000006c   Section        8  lcm.o(mydata)
    N1                                       0x0000006c   Data           4  lcm.o(mydata)
    N2                                       0x00000070   Data           4  lcm.o(mydata)
    resultdata                               0x10000000   Section        8  lcm.o(resultdata)
    Result                                   0x10000000   Data           8  lcm.o(resultdata)

    Global Symbols

    Symbol Name                              Value     Ov Type        Size  Object(Section)

    BuildAttributes$$THM_ISAv4$P$D$K$B$S$PE$A:L22UL41UL21$X:L11$S22US41US21$IEEE1$IW$USESV6$~STKCKD$USESV7$~SHL$OSPACE$EBA8$STANDARDLIB$PRES8$EABIv2 0x00000000   Number         0  anon$$obj.o ABSOLUTE
    __Vectors                                0x00000000   Data           0  lcm.o(RESET)
    Reset_Handler                            0x00000009   Thumb Code     0  lcm.o(mycode)



==============================================================================

Memory Map of the image

  Image Entry point : 0x00000009

  Load Region LR_1 (Base: 0x00000000, Size: 0x0000007c, Max: 0xffffffff, ABSOLUTE)

    Execution Region ER_RO (Base: 0x00000000, Size: 0x00000074, Max: 0xffffffff, ABSOLUTE)

    Base Addr    Size         Type   Attr      Idx    E Section Name        Object

    0x00000000   0x00000008   Data   RO            1    RESET               lcm.o
    0x00000008   0x00000064   Code   RO            2  * mycode              lcm.o
    0x0000006c   0x00000008   Data   RO            3    mydata              lcm.o


    Execution Region ER_RW (Base: 0x10000000, Size: 0x00000008, Max: 0xffffffff, ABSOLUTE)

    Base Addr    Size         Type   Attr      Idx    E Section Name        Object

    0x10000000   0x00000008   Data   RW            4    resultdata          lcm.o


    Execution Region ER_ZI (Base: 0x10000008, Size: 0x00000000, Max: 0xffffffff, ABSOLUTE)

    **** No section assigned to this execution region ****


==============================================================================

Image component sizes


      Code (inc. data)   RO Data    RW Data    ZI Data      Debug   Object Name

       100         18         16          8          0        212   lcm.o

    ----------------------------------------------------------------------
       100         18         16          8          0        212   Object Totals
         0          0          0          0          0          0   (incl. Generated)
         0          0          0          0          0          0   (incl. Padding)

    ----------------------------------------------------------------------
         0          0          0          0          0          0   Library Totals
         0          0          0          0          0          0   (incl. Padding)

    ----------------------------------------------------------------------

==============================================================================


      Code (inc. data)   RO Data    RW Data    ZI Data      Debug   

       100         18         16          8          0        212   Grand Totals
       100         18         16          8          0        212   ELF Image Totals
       100         18         16          8          0          0   ROM Totals

==============================================================================

    Total RO  Size (Code + RO Data)                  116 (   0.11kB)
    Total RW  Size (RW Data + ZI Data)                 8 (   0.01kB)
    Total ROM Size (Code + RO Data + RW Data)        124 (   0.12kB)

==============================================================================

